[www.miamidade.gov/global/animals/home.html]
[backblue.gif]
[fade.gif]
[index.html]
[www.miamidade.gov/iwov-resources/grid/materialize.min.css]
[www.miamidade.gov/resources/css/js-slider.css]
[www.miamidade.gov/resources/css/materialize.min.css]
[www.miamidade.gov/resources/css/global-styles.css]
[www.miamidade.gov/resources/css/font-awesome.min.css]
[www.miamidade.gov/resources/js/1.8.2.jquery.min.js]
[www.miamidade.gov/resources/js/jquery.visible.min.js]
[www.miamidade.gov/resources/js/md-global.js]
[www.miamidade.gov/resources/js/materialize.min.js]
[www.miamidade.gov/resources/js/flexMenu.min.js]
[www.miamidade.gov/resources/js/global-scripts.js]
[www.miamidade.gov/resources/js/components/number-polyfill.min.js]
[www.miamidade.gov/resources/js/jquery.url.js]
[www.miamidade.gov/resources/js/1.4.1.jquery.cookie.min.js]
[www.miamidade.gov/resources/js/purl.js]
[www.miamidade.gov/resources/js/login-authenticate.js]
[www.miamidade.gov/resources/js/login-api-prod.js]
[www.miamidade.gov/resources/global/images/md-logo-color.png]
[www.miamidade.gov/resources/images/edesktop.jpg]
[www.miamidade.gov/resources/images/banners/animal-services-innitiatives.jpg]
[www.miamidade.gov/resources/images/services/adopt-a-pet.jpg]
[www.miamidade.gov/resources/images/services/cat-with-vet.jpg]
[www.miamidade.gov/resources/images/services/lost-puppy.jpg]
[www.miamidade.gov/resources/images/services/pet-vaccinations.jpg]
[www.miamidade.gov/resources/images/banners/animal-cruelty-banner.jpg]
[www.miamidade.gov/global/animals/report-animal-problems.html]
[www.miamidade.gov/resources/images/banners/donate-now-banner.jpg]
[www.miamidade.gov/global/animals/donations.html]
[www.miamidade.gov/resources/images/news/pow-silhouette.jpg]
[www.miamidade.gov/resources/images/news/2021-07-27-wow-mobile-unit.jpg]
[www.miamidade.gov/resources/images/news/2023-10-16-doggie-date.jpg]
[www.miamidade.gov/resources/images/news/2019-08-09-no-kill-asd-new.jpg]
[www.miamidade.gov/resources/images/banners/asd-banner-volunteer.jpg]
[www.miamidade.gov/resources/images/banners/animal-services.jpg]
[www.miamidade.gov/global/animals/contact.html]
[www.miamidade.gov/global/animals/about.html]
[www.miamidade.gov/global/animals/newborn-kittens.html]
[www.miamidade.gov/global/animals/pets-parked-cars.html]
[www.miamidade.gov/global/animals/pet-safety.html]
[www.miamidade.gov/resources/images/departments/animals/outstanding-agency-year.jpg]
[www.miamidade.gov/resources/images/md-logo.png]
[www.miamidade.gov/resources/global/images/govawards-overall-winner.jpg]
[www.miamidade.gov/resources/global/images/beta-miamidade-gov.png]
[translate.google.com/translate_a/elementa0d8.js]
[www.miamidade.gov/global/animals/home.html]
[www.miamidade.gov/iwov-resources/grid/materialize.min.css]
[www.miamidade.gov/resources/css/js-slider.css]
[www.miamidade.gov/resources/css/materialize.min.css]
[www.miamidade.gov/resources/css/accordion.css]
[www.miamidade.gov/resources/css/service-product-license.css]
[www.miamidade.gov/resources/css/floating-bar.css]
[www.miamidade.gov/resources/css/dashboard.css]
[www.miamidade.gov/resources/css/mega-dropdown.css]
[www.miamidade.gov/resources/css/mobile-global.css]
[www.miamidade.gov/resources/css/infographic.css]
[www.miamidade.gov/resources/css/graphical-feature.css]
[www.miamidade.gov/resources/css/multi-column-enhance.css]
[www.miamidade.gov/resources/css/full-width-banner-grandient.css]
[www.miamidade.gov/resources/css/sign-up.css]
[www.miamidade.gov/resources/css/image-enhancement.css]
[www.miamidade.gov/resources/css/components/iframe.css]
[www.miamidade.gov/resources/css/components/wasd-cal-styles.css]
[www.miamidade.gov/resources/css/components/timeline-styles.css]
[www.miamidade.gov/resources/css/biography-page.css]
[www.miamidade.gov/resources/css/developer-templates/building-block.css]
[www.miamidade.gov/resources/css/developer-templates/building-block-code.css]
[www.miamidade.gov/resources/css/components/general-picker.css]
[www.miamidade.gov/resources/css/components/content.css]
[www.miamidade.gov/resources/css/print.css]
[www.miamidade.gov/resources/images/banners/main-banner.jpg]
[www.miamidade.gov/resources/images/mobile-page-navigation-bg.png]
[www.miamidade.gov/resources/css/global-styles.css]
[www.miamidade.gov/resources/css/font-awesome.min.css]
[www.googletagmanager.com/gtm5445.html]
[www.miamidade.gov/global/animals/report-animal-problems.html]
[www.miamidade.gov/resources/images/departments/animals/2019-01-22-animal-donation-page.jpg]
[www.miamidade.gov/global/animals/donations.html]
[www.miamidade.gov/global/animals/contact.html]
[www.miamidade.gov/cdn-cgi/scripts/5c5dd728/cloudflare-static/email-decode.min.js]
[www.miamidade.gov/resources/images/departments/animals/2019-01-16-logo-aspca.png]
[www.miamidade.gov/resources/images/departments/animals/pet-smart-charities.jpg]
[www.miamidade.gov/resources/images/departments/animals/2019-01-16-logo-petco.png]
[www.miamidade.gov/resources/images/departments/animals/2019-01-16-logo-miami-foundation.jpg]
[www.miamidade.gov/resources/images/departments/animals/2019-01-16-logo-networkpartner-best-friends.jpg]
[www.miamidade.gov/resources/images/departments/animals/2019-01-16-logo-foma.png]
[www.miamidade.gov/resources/images/departments/animals/bissell-pet-logo.jpg]
[www.miamidade.gov/resources/images/departments/animals/farmers-dog-logo.jpg]
[www.miamidade.gov/resources/images/departments/animals/2019-01-16-logo-florida-animal-friend.png]
[www.miamidade.gov/global/animals/about.html]
[www.miamidade.gov/global/animals/newborn-kittens.html]
[www.miamidade.gov/global/animals/pets-parked-cars.html]
[www.miamidade.gov/global/animals/pet-safety.html]
[www.miamidade.gov/resources/css/accordion.css]
[www.miamidade.gov/resources/css/service-product-license.css]
[www.miamidade.gov/resources/css/page-navigation-dropdown.css]
[www.miamidade.gov/resources/css/floating-bar.css]
[www.miamidade.gov/resources/css/dashboard.css]
[www.miamidade.gov/resources/css/mega-dropdown.css]
[www.miamidade.gov/resources/css/mobile-global.css]
[www.miamidade.gov/resources/css/infographic.css]
[www.miamidade.gov/resources/css/graphical-feature.css]
[www.miamidade.gov/resources/css/multi-column-enhance.css]
[www.miamidade.gov/resources/css/full-width-banner-grandient.css]
[www.miamidade.gov/resources/css/sign-up.css]
[www.miamidade.gov/resources/css/image-enhancement.css]
[www.miamidade.gov/resources/css/components/iframe.css]
[www.miamidade.gov/resources/css/components/wasd-cal-styles.css]
[www.miamidade.gov/resources/css/components/timeline-styles.css]
[www.miamidade.gov/resources/css/biography-page.css]
[www.miamidade.gov/resources/css/developer-templates/building-block.css]
[www.miamidade.gov/resources/css/developer-templates/building-block-code.css]
[www.miamidade.gov/resources/css/components/general-picker.css]
[www.miamidade.gov/resources/css/components/content.css]
[www.miamidade.gov/resources/css/print.css]
